[backblue.gif]
[fade.gif]
[index.html]
[artofproblemsolving.com/wiki/load2388.php]
[artofproblemsolving.com/wiki/loadec6f.php]
[artofproblemsolving.com/wiki/load.3721b.delayed]
[artofproblemsolving.com/wiki/rest.php/v1/search]
[artofproblemsolving.com/wiki/api.5251f.delayed]
[assets.artofproblemsolving.com/images/apple-touch-icon.png]
[assets.artofproblemsolving.com/js/jquery360.min.js]
[login.artofproblemsolving.com/loginb77a.html]
[artofproblemsolving.com/wiki/index4875.html]
[artofproblemsolving.com/wiki/index2c71.php]
[artofproblemsolving.com/wiki/indexdcfc.html]
[artofproblemsolving.com/wiki/index.d7cca.delayed]
[artofproblemsolving.com/wiki/indexa414.html]
[artofproblemsolving.com/wiki/index.ffc2e.delayed]
[artofproblemsolving.com/wiki/indexab5f.html]
[artofproblemsolving.com/wiki/index.11c7ac.delayed]
[artofproblemsolving.com/wiki/index4b99.html]
[artofproblemsolving.com/wiki/index.138c87.delayed]
[latex.artofproblemsolving.com/d/c/7/dc7ddbca9440579298bf24e0f9bcf2c0457bfc1b.png]
[latex.artofproblemsolving.com/0/7/0/0705411d92671faf1fe5602cfef8f353c7f0f83d.png]
[artofproblemsolving.com/wiki/index20ca.html]
[artofproblemsolving.com/wiki/index.18dc78.delayed]
[artofproblemsolving.com/wiki/index100a.html]
[artofproblemsolving.com/wiki/index.1aeaae.delayed]
[artofproblemsolving.com/wiki/index7a15.html]
[artofproblemsolving.com/wiki/index.1c46a3.delayed]
[artofproblemsolving.com/wiki/index0d6d.html]
[artofproblemsolving.com/wiki/index.1eac0e.delayed]
[artofproblemsolving.com/wiki/indexa546.html]
[artofproblemsolving.com/wiki/index.20c8f9.delayed]
[artofproblemsolving.com/wiki/indexebe6.html]
[artofproblemsolving.com/wiki/index.22acc0.delayed]
[artofproblemsolving.com/wiki/indexfbfd.html]
[artofproblemsolving.com/wiki/index.245b9c.delayed]
[latex.artofproblemsolving.com/a/3/e/a3e251ca06caa530b3ade52bef95f0179450d0f7.png]
[artofproblemsolving.com/wiki/index45dc.html]
[latex.artofproblemsolving.com/8/b/8/8b8a51704cc5dbc17abc3c329ec331cc9782f06c.png]
[latex.artofproblemsolving.com/e/2/a/e2a559986ed5a0ffc5654bd367c29dfc92913c36.png]
[latex.artofproblemsolving.com/6/b/d/6bd39493493659fb36ab2875b266a4874b475f6a.png]
[latex.artofproblemsolving.com/9/f/f/9ffb448918db29f2a72f8f87f421b3b3cad18f95.png]
[latex.artofproblemsolving.com/6/c/5/6c52a41dcbd739f1d026c5d4f181438b75b76976.png]
[latex.artofproblemsolving.com/0/1/9/019e9892786e493964e145e7c5cf7b700314e53b.png]
[latex.artofproblemsolving.com/9/7/4/9749323463a646a0603018390f92bb6cfcdd33fc.png]
[latex.artofproblemsolving.com/6/3/c/63c17c295325f731666c7d74952b563a01e00fcc.png]
[latex.artofproblemsolving.com/8/4/0/840e2b592390eb6ec918fa6f3292716ce170de66.png]
[latex.artofproblemsolving.com/1/2/5/12517bbc31cb9026c71299b7a0d232d07e60f284.png]
[latex.artofproblemsolving.com/f/a/2/fa2fa899f0afb05d6837885523503a2d4df434f9.png]
[latex.artofproblemsolving.com/a/0/5/a055f405829e64a3b70253ab67cb45ed6ed5bb29.png]
[latex.artofproblemsolving.com/6/e/2/6e28ce12d49d39f160d5a0ef54077fc98e4b9d2b.png]
[latex.artofproblemsolving.com/9/e/4/9e4cae83c0fa7a0b33f58a5ec88e27c870c017a3.png]
[latex.artofproblemsolving.com/f/0/0/f007680c47a068a3aef3f4c57e9484da78281a63.png]
[latex.artofproblemsolving.com/a/a/2/aa2fc371c96327ed1d094e817b8892553a717054.png]
[latex.artofproblemsolving.com/c/9/d/c9daba06f5ec9c5069f24bbeab9c7151ab4f68c2.png]
[latex.artofproblemsolving.com/7/1/5/7154e7a32b3eda0a8ba22787a8b4d10ba8b8dc50.png]
[latex.artofproblemsolving.com/1/7/3/173d64f6629624d194f54d23810583b4162529c7.png]
[latex.artofproblemsolving.com/9/f/a/9faa9b63684d102b90b612f4f964224e5437ce30.png]
[latex.artofproblemsolving.com/5/f/8/5f85b1e5c0060aca6f470f54f8117ac7500be017.png]
[latex.artofproblemsolving.com/7/c/d/7cde695f2e4542fd01f860a89189f47a27143b66.png]
[latex.artofproblemsolving.com/2/d/0/2d02bb2275100261109b043261e702124460a83e.png]
[latex.artofproblemsolving.com/9/6/a/96ab646de7704969b91c76a214126b45f2b07b25.png]
[latex.artofproblemsolving.com/1/f/1/1f1588c7ab561762e3d7b81887b584140570fd01.png]
[latex.artofproblemsolving.com/b/e/a/bea08dc21e87ebb9f32539cf2fcc9059cb22dfdc.png]
[latex.artofproblemsolving.com/4/8/1/481aa8fd3205ddca64b0c5f46dab544c8a74aa36.png]
[latex.artofproblemsolving.com/4/9/0/49077b7393dbd2ab41fa9b056821c09770282ef9.png]
[latex.artofproblemsolving.com/4/9/0/490d46a3531441c7b3d4caeef49dca10c6b78e8a.png]
[latex.artofproblemsolving.com/f/5/0/f5047d1e0cbb50ec208923a22cd517c55100fa7b.png]
[latex.artofproblemsolving.com/1/7/4/174fadd07fd54c9afe288e96558c92e0c1da733a.png]
[latex.artofproblemsolving.com/4/a/2/4a2e92550cefae6e71b66ea8a86ac40ebcd6b9af.png]
[latex.artofproblemsolving.com/5/d/b/5db26f75f6218a382840f0ed34f5d36bcff61d33.png]
[latex.artofproblemsolving.com/f/3/7/f37bba504894945c07a32f5496d74299a37aa51c.png]
[latex.artofproblemsolving.com/7/9/6/796fd2efea8c821b0740238f661aba21bf3db31d.png]
[latex.artofproblemsolving.com/c/7/c/c7cab1a05e1e0c1d51a6a219d96577a16b7abf9d.png]
[latex.artofproblemsolving.com/f/c/6/fc606f7f1e530731ab4f1cc364c01dc64a4455ee.png]
[latex.artofproblemsolving.com/2/9/0/2905fb4cb148b1dc66f2cf1b1b0cee4353a594af.png]
[latex.artofproblemsolving.com/c/f/6/cf669d58fbd0410ca860758e53606d06425a4d97.png]
[latex.artofproblemsolving.com/a/d/2/ad28c83c99a8fd0dd2e2e594c9d02ee532765a0a.png]
[latex.artofproblemsolving.com/1/1/c/11ceba9d7455309f60178fe82bb6e81e6c01fa83.png]
[latex.artofproblemsolving.com/b/b/0/bb0c75d9abe3e693ba0bb677cecbb923cefd81af.png]
[latex.artofproblemsolving.com/f/f/5/ff5fb3d775862e2123b007eb4373ff6cc1a34d4e.png]
[latex.artofproblemsolving.com/d/2/2/d2289231163b75dca0daf0f842ee0fba6f289fc2.png]
[latex.artofproblemsolving.com/a/8/c/a8c5056f13bbfd71412164ca53b71c92395e5812.png]
[latex.artofproblemsolving.com/d/c/2/dc245cfac4be4095f79b4f754d04e180a1181dca.png]
[latex.artofproblemsolving.com/c/2/0/c20fc78cacf6996c3bfc20ed66cd4b0ac20f7bb3.png]
[latex.artofproblemsolving.com/5/3/b/53bf1afcb274a3bb84338109fffec8a1f1c02008.png]
[latex.artofproblemsolving.com/8/4/5/8455f3b5cb3b4880b8c9d782a5c1f0334db819eb.png]
[latex.artofproblemsolving.com/2/7/f/27f583697295fc6f723862c13228ee55107c33ca.png]
[latex.artofproblemsolving.com/0/6/0/06042c919364943ac222dc0a083e87e47007e8b7.png]
[latex.artofproblemsolving.com/9/8/b/98b7e4c455672c30d743cce7506408a40cb68129.png]
[latex.artofproblemsolving.com/a/3/0/a303807317d706d3736d2326c527a4efa87ab4c8.png]
[latex.artofproblemsolving.com/0/9/9/099c840300970e11bdb738d51331487ca2e2bd2e.png]
[latex.artofproblemsolving.com/6/5/4/654a7c7010145200d9d8723eda7ce20e98b5723c.png]
[latex.artofproblemsolving.com/d/c/e/dce34f4dfb2406144304ad0d6106c5382ddd1446.png]
[latex.artofproblemsolving.com/c/e/5/ce5d3cbb9ab0a992ed503c2d4499e4f4af2f9d65.png]
[latex.artofproblemsolving.com/0/3/0/030e19e4e2f1c074127cb50581e8496470c5419f.png]
[latex.artofproblemsolving.com/7/4/f/74f4008768812f46db4b252c9e69cf98c5faaa4b.png]
[latex.artofproblemsolving.com/9/f/0/9f089a5b1f50d68db2e29b0b913f5bece9b6fe44.png]
[latex.artofproblemsolving.com/c/8/5/c85ea1ad780a799bdaf8f327e664f65eb6f3546b.png]
[latex.artofproblemsolving.com/6/0/1/601a7806cbfad68196c43a4665871f8c3186802e.png]
[latex.artofproblemsolving.com/e/0/a/e0a0db32027a732ac57d37ef2ae9bb150f65b108.png]
[latex.artofproblemsolving.com/6/5/1/651ba418a810d971dbc8a326d49a71fe1541fae0.png]
[latex.artofproblemsolving.com/6/2/e/62eb33437db419b804749ca1587ecdd77f4ca0c4.png]
[latex.artofproblemsolving.com/4/3/4/43420adcd0fce9dce3978d53b97a8e0262b58da4.png]
[latex.artofproblemsolving.com/5/2/e/52e8ed7a3ba22130ad3984eb2cd413406475a689.png]
[latex.artofproblemsolving.com/5/6/7/567744e2ef4f7e63710dfcaa23fb8f836c352a9d.png]
[latex.artofproblemsolving.com/d/1/0/d10bf0bf2ca63e9a824f820317893b8afa1a0f94.png]
[latex.artofproblemsolving.com/6/e/e/6ee927e1332358c96c62c277441c907c4f51057f.png]
[latex.artofproblemsolving.com/3/b/6/3b6d5d23a7e91fb9f6c248fb4cd43111165540f9.png]
[latex.artofproblemsolving.com/5/1/d/51da37d984564162c87710ca27bea422f657fb73.png]
[latex.artofproblemsolving.com/6/a/4/6a47ca0fe7cb276abc022af6ac88ddae1a9d6894.png]
[latex.artofproblemsolving.com/7/a/e/7ae4fd09d11b5f7ba9740e6ee7a19d79b69822a8.png]
[latex.artofproblemsolving.com/c/e/5/ce58e4af225c93d08606c26554caaa5ae32edeba.png]
[latex.artofproblemsolving.com/8/4/0/8404db180a248e3e2cbbdde9c3b5cf31a2bb27e5.png]
[latex.artofproblemsolving.com/2/8/2/282500d9ee50975e9426609b10d0f91d1b917cd5.png]
[latex.artofproblemsolving.com/d/f/9/df9fc15c55518ba153da8ad3aad7dcc0e52f6393.png]
[latex.artofproblemsolving.com/e/2/3/e23232669f1e9f227481b234f631eaa29529bc58.png]
[latex.artofproblemsolving.com/5/8/6/5862947b38a495ec9be80e5b9c7582de6cf0d269.png]
[latex.artofproblemsolving.com/8/8/8/888fed89e19182447f85b3cb6676548a49395284.png]
[latex.artofproblemsolving.com/0/2/d/02dbab3601fa6cce490d54263017048f69e1a35d.png]
[latex.artofproblemsolving.com/e/e/f/eef0203e65664bd00b5f0325c5c5fcd81bcead8d.png]
[latex.artofproblemsolving.com/3/f/d/3fda49917e5cf30f3fdcf2fbf4ed52d62ab10fbf.png]
[latex.artofproblemsolving.com/c/b/b/cbbf2fdaa6326913b7159ff11653ee71aa10dadb.png]
[latex.artofproblemsolving.com/3/d/c/3dcced5eb55ddff1576102fc6df37624d1053bed.png]
[latex.artofproblemsolving.com/6/c/c/6cc68887b2bf1f5afc2657badf436600424c990f.png]
[artofproblemsolving.com/wiki/index.7f5334.delayed]
[artofproblemsolving.com/wiki/index.80c2a9.delayed]
[artofproblemsolving.com/wiki/index.815b9d.delayed]
[artofproblemsolving.com/wiki/index.82ad67.delayed]
[artofproblemsolving.com/wiki/index.83d90f.delayed]
[artofproblemsolving.com/wiki/index.8476cf.delayed]
[artofproblemsolving.com/wiki/images/d/d1/AMC_Logo.png]
[artofproblemsolving.com/wiki/indexdee7.php]
[artofproblemsolving.com/wiki/index52ad.html]
[artofproblemsolving.com/wiki/load2388.html]
[artofproblemsolving.com/wiki/loadec6f.html]
[artofproblemsolving.com/wiki/load721b.html]
[artofproblemsolving.com/wiki/api251f.html]
[mediawiki.artofproblemsolving.com/index.html]
[login.artofproblemsolving.com/loginb77a.html]
[artofproblemsolving.com/wiki/index4875.html]
[artofproblemsolving.com/wiki/index2c71.html]
[artofproblemsolving.com/wiki/indexdcfc.html]
[artofproblemsolving.com/wiki/index7cca.html]
[artofproblemsolving.com/wiki/indexa414.html]
[artofproblemsolving.com/wiki/indexfc2e.html]
[artofproblemsolving.com/wiki/indexab5f.html]
[artofproblemsolving.com/wiki/indexc7ac.html]
[artofproblemsolving.com/wiki/index4b99.html]
[artofproblemsolving.com/wiki/index8c87.html]
[artofproblemsolving.com/wiki/index20ca.html]
[artofproblemsolving.com/wiki/indexdc78.html]
[artofproblemsolving.com/wiki/index100a.html]
[artofproblemsolving.com/wiki/indexeaae.html]
[artofproblemsolving.com/wiki/index7a15.html]
[artofproblemsolving.com/wiki/index46a3.html]
[artofproblemsolving.com/wiki/index0d6d.html]
[artofproblemsolving.com/wiki/indexac0e.html]
[artofproblemsolving.com/wiki/indexa546.html]
[artofproblemsolving.com/wiki/indexc8f9.html]
[artofproblemsolving.com/wiki/indexebe6.html]
[artofproblemsolving.com/wiki/indexacc0.html]
[artofproblemsolving.com/wiki/indexfbfd.html]
[artofproblemsolving.com/wiki/index5b9c.html]
[artofproblemsolving.com/wiki/index45dc.html]
[artofproblemsolving.com/wiki/index5334.html]
[artofproblemsolving.com/wiki/indexc2a9.html]
[artofproblemsolving.com/wiki/index5b9d.html]
[artofproblemsolving.com/wiki/indexad67.html]
[artofproblemsolving.com/wiki/indexd90f.html]
[artofproblemsolving.com/wiki/index76cf.html]
[artofproblemsolving.com/wiki/indexdee7.html]
