[codeforces.com/problemset/problem/1363/C.html]
[backblue.gif]
[fade.gif]
[index.html]
[codeforces.com/cf-fonts/s/pt-sans-narrow/5.2.8/cyrillic/400/normal.woff2]
[codeforces.com/cf-fonts/s/pt-sans-narrow/5.2.8/latin/400/normal.woff2]
[codeforces.com/cf-fonts/s/pt-sans-narrow/5.2.8/cyrillic-ext/400/normal.woff2]
[codeforces.com/cf-fonts/s/pt-sans-narrow/5.2.8/latin-ext/400/normal.woff2]
[codeforces.com/cf-fonts/s/pt-sans-narrow/5.2.8/latin-ext/700/normal.woff2]
[codeforces.com/cf-fonts/s/pt-sans-narrow/5.2.8/latin/700/normal.woff2]
[codeforces.com/cf-fonts/s/pt-sans-narrow/5.2.8/cyrillic-ext/700/normal.woff2]
[codeforces.com/cf-fonts/s/pt-sans-narrow/5.2.8/cyrillic/700/normal.woff2]
[codeforces.com/cf-fonts/s/cuprum/5.2.8/vietnamese/400/normal.woff2]
[codeforces.com/cf-fonts/s/cuprum/5.2.8/cyrillic/400/normal.woff2]
[codeforces.com/cf-fonts/s/cuprum/5.2.8/cyrillic-ext/400/normal.woff2]
[codeforces.com/cf-fonts/s/cuprum/5.2.8/latin-ext/400/normal.woff2]
[codeforces.com/cf-fonts/s/cuprum/5.2.8/latin/400/normal.woff2]
[codeforces.com/manifest.json]
[codeforces.com/mathjax.codeforces.org/MathJax8331.js]
[codeforces.com/scripts/ec683f8b2d1779df61668d5461aef8e5/en/codeforces-options.js]
[codeforces.com/problemset/problem/1363/settings.url, window.location.href]
[codeforces.com/problemset/problem/1363/C7038.html]
[codeforces.com/index.html]
[codeforces.com/enter53fb]
[codeforces.com/problemset/problem/1363/C73fe.html]
[codeforces.com/register]
[codeforces.com/top.html]
[codeforces.com/catalog.html]
[codeforces.com/contests.html]
[codeforces.com/gyms.html]
[codeforces.com/problemset.html]
[codeforces.com/groups.html]
[codeforces.com/ratings.html]
[codeforces.com/edu/courses.html]
[codeforces.com/apiHelp.html]
[codeforces.com/calendar.html]
[codeforces.com/help.html]
[codeforces.com/contest/1363.html]
[codeforces.com/blog/entry/78132.html]
[codeforces.com/blog/entry/78202.html]
[codeforces.com/problemset/status.html]
[codeforces.com/problemset/standings.html]
[codeforces.com/enter89f3]
[codeforces.com/problemset/problem/1363/C92a8.html]
[codeforces.com/privacy.html]
[codeforces.com/terms.html]
[codeforces.com/service-worker-80531.js]
[codeforces.com/problemset/problem/1363/C.html]
[codeforces.com/scripts/ec683f8b2d1779df61668d5461aef8e5/en/codeforces-options.js]
[codeforces.com/problemset/problem/1363/settings.url, window.location.html]
[codeforces.com/index.html]
[codeforces.com/problemset/problem/1363/C7038.html]
[codeforces.com/problemset/problem/1363/C73fe.html]
[codeforces.com/enter53fb.html]
[codeforces.com/register.html]
[codeforces.com/top.html]
[codeforces.com/catalog.html]
[codeforces.com/contests.html]
[codeforces.com/gyms.html]
[codeforces.com/problemset.html]
[codeforces.com/groups.html]
[codeforces.com/ratings.html]
[codeforces.com/edu/courses.html]
[codeforces.com/apiHelp.html]
[codeforces.com/calendar.html]
[codeforces.com/help.html]
[codeforces.com/contest/1363.html]
[codeforces.com/blog/entry/78132.html]
[codeforces.com/cdn-cgi/challenge-platform/h/b/scripts/jsd/80a697ecdece/maind41d.js]
[codeforces.com/blog/entry/78202.html]
[codeforces.com/problemset/status.html]
[codeforces.com/problemset/standings.html]
[codeforces.com/enter89f3.html]
[codeforces.com/problemset/problem/1363/C92a8.html]
[codeforces.com/privacy.html]
[codeforces.com/terms.html]
[codeforces.com/service-worker-80531.js]
