[backblue.gif]
[fade.gif]
[index.html]
[artofproblemsolving.com/wiki/load2388.php]
[artofproblemsolving.com/wiki/loadec6f.php]
[artofproblemsolving.com/wiki/rest.php/v1/search.4.delayed]
[artofproblemsolving.com/wiki/api-result251f.xml]
[artofproblemsolving.com/online-favicon.c5e1f.delayed]
[artofproblemsolving.com/index.html]
[artofproblemsolving.com/apple-touch-icon.png]
[artofproblemsolving.com/wiki/index1d93.php]
[artofproblemsolving.com/wiki/indexfc2e.php]
[artofproblemsolving.com/wiki/indexb813.php]
[artofproblemsolving.com/wiki/index.php/2022_AIME_I_Problems.html]
[artofproblemsolving.com/company.html]
[artofproblemsolving.com/wiki/load2388.html]
[artofproblemsolving.com/store.html]
[artofproblemsolving.com/wiki/loadec6f.html]
[artofproblemsolving.com/school.html]
[artofproblemsolving.com/wiki/load721b.css]
[artofproblemsolving.com/wiki/rest.php/v1/search.html]
[artofproblemsolving.com/index.html]
[artofproblemsolving.com/assets/fonts/font-awesome/css/all.css]
[artofproblemsolving.com/assets/css/sharedsite.css]
[artofproblemsolving.com/online.html]
[artofproblemsolving.com/assets/css/navheader.css]
[artofproblemsolving.com/assets/css/footer.css]
[artofproblemsolving.com/assets/css/main-head.css]
[artofproblemsolving.com/online-favicon5e1f.html]
[artofproblemsolving.com/school/recommendations.html]
[artofproblemsolving.com/company.html]
[artofproblemsolving.com/assets/images/logos/icon-online.svg]
[artofproblemsolving.com/school/mathjams.html]
[artofproblemsolving.com/assets/images/logos/aops-online.svg]
[artofproblemsolving.com/store/list/aops-curriculum.html]
[artofproblemsolving.com/store.html]
[artofproblemsolving.com/store/online.html]
[artofproblemsolving.com/school.html]
[artofproblemsolving.com/store/list/beast-academy.html]
[artofproblemsolving.com/school/schedule.html]
[artofproblemsolving.com/assets/images/logos/icon-ba.svg]
[artofproblemsolving.com/store/recommendations.html]
[artofproblemsolving.com/assets/images/logos/aops-ba.svg]
[artofproblemsolving.com/community.html]
[artofproblemsolving.com/assets/images/logos/icon-academy.svg]
[artofproblemsolving.com/store/list/all-products.html]
[artofproblemsolving.com/community/c13_contests.html]
[artofproblemsolving.com/assets/images/logos/aops-academy.svg]
[artofproblemsolving.com/store/list/other-products.html]
[artofproblemsolving.com/community/search.html]
[artofproblemsolving.com/assets/images/hamburger.svg]
[artofproblemsolving.com/resources.html]
[artofproblemsolving.com/community/faq.html]
[artofproblemsolving.com/online.html]
[artofproblemsolving.com/videos.html]
[artofproblemsolving.com/assets/images/logos/aops-online-mobile.svg]
[artofproblemsolving.com/mathcounts_trainer.html]
[artofproblemsolving.com/ftw.html]
[artofproblemsolving.com/alcumus.html]
[artofproblemsolving.com/school/schedule.html]
[artofproblemsolving.com/contests/practice.html]
[artofproblemsolving.com/school/recommendations.html]
[artofproblemsolving.com/texer.html]
[artofproblemsolving.com/school/mathjams.html]
[artofproblemsolving.com/keeplearning.html]
[artofproblemsolving.com/store/list/aops-curriculum.html]
[artofproblemsolving.com/polymath.html]
[artofproblemsolving.com/store/list/beast-academy.html]
[artofproblemsolving.com/wiki/indexa89b.html]
[artofproblemsolving.com/store/online.html]
[artofproblemsolving.com/store/recommendations.html]
[artofproblemsolving.com/wiki/indexa414.html]
[artofproblemsolving.com/wiki/index79b3.html]
[artofproblemsolving.com/store/list/other-products.html]
[artofproblemsolving.com/wiki/indexc7ac.html]
[artofproblemsolving.com/store/list/all-products.html]
[artofproblemsolving.com/community.html]
[artofproblemsolving.com/community/contest/download/c3416/2022.html]
[artofproblemsolving.com/community/c13_contests.html]
[artofproblemsolving.com/community/search.html]
[artofproblemsolving.com/community/faq.html]
[artofproblemsolving.com/resources.html]
[artofproblemsolving.com/alcumus.html]
[artofproblemsolving.com/videos.html]
[artofproblemsolving.com/ftw.html]
[artofproblemsolving.com/mathcounts_trainer.html]
[artofproblemsolving.com/contests/practice.html]
[artofproblemsolving.com/wiki/index4875.html]
[artofproblemsolving.com/texer.html]
[artofproblemsolving.com/polymath.html]
[artofproblemsolving.com/keeplearning.html]
[artofproblemsolving.com/blog/index.html]
[artofproblemsolving.com/blog/webinars/aopswebinars.html]
[artofproblemsolving.com/downloads/printable_post_collections/2977946cb58.pdf]
[artofproblemsolving.com/wiki/indexc2a9.html]
[artofproblemsolving.com/wiki/index1d93.html]
[artofproblemsolving.com/wiki/indexa89b.html]
[artofproblemsolving.com/wiki/indexd431.html]
[artofproblemsolving.com/wiki/indexa414.html]
[artofproblemsolving.com/wiki/indexfc2e.html]
[artofproblemsolving.com/wiki/index79b3.html]
[artofproblemsolving.com/wiki/indexc7ac.html]
[artofproblemsolving.com/wiki/index954b.html]
[artofproblemsolving.com/wiki/indexdce6.html]
[artofproblemsolving.com/company/about.html]
[artofproblemsolving.com/community/contest/download/c3416/2022.html]
[artofproblemsolving.com/company/staff.html]
[artofproblemsolving.com/wiki/indexa27b.html]
[artofproblemsolving.com/company/history.html]
[artofproblemsolving.com/wiki/indexc99b.html]
[artofproblemsolving.com/company/tos.html]
[artofproblemsolving.com/wiki/index2287.html]
[artofproblemsolving.com/company/privacy.html]
[artofproblemsolving.com/wiki/index8238.html]
[artofproblemsolving.com/contact.html]
[artofproblemsolving.com/wiki/index5fd0.html]
[artofproblemsolving.com/wiki/images/d/d1/AMC_Logo.png]
[artofproblemsolving.com/wiki/indexacb5.html]
[artofproblemsolving.com/wiki/index9cfb.html]
[artofproblemsolving.com/assets/images/logos/wasc.png]
[artofproblemsolving.com/wiki/index47be.html]
[artofproblemsolving.com/wiki/index800b.html]
[artofproblemsolving.com/cdn-cgi/challenge-platform/h/b/scripts/jsd/80a697ecdece/maind41d.js]
[artofproblemsolving.com/wiki/index5907.html]
[artofproblemsolving.com/wiki/indexe480.html]
[artofproblemsolving.com/wiki/indexf24e.html]
[artofproblemsolving.com/wiki/index84a5.html]
[artofproblemsolving.com/wiki/index6ff4.html]
[artofproblemsolving.com/wiki/indexfc13.html]
[artofproblemsolving.com/wiki/index52ad.html]
[artofproblemsolving.com/wiki/index7e66.html]
[artofproblemsolving.com/wiki/index5b9d.html]
[artofproblemsolving.com/wiki/indexad67.html]
[artofproblemsolving.com/wiki/indexd90f.html]
[artofproblemsolving.com/wiki/index76cf.html]
[artofproblemsolving.com/wiki/indexb813.html]
[artofproblemsolving.com/assets/images/logos/aops-online-footer.svg]
[artofproblemsolving.com/company/about.html]
[artofproblemsolving.com/company/staff.html]
[artofproblemsolving.com/company/history.html]
[artofproblemsolving.com/company/tos.html]
[artofproblemsolving.com/company/privacy.html]
[artofproblemsolving.com/contact.html]
[artofproblemsolving.com/assets/images/socialmedia/facebook.svg]
[artofproblemsolving.com/assets/images/socialmedia/twitter.svg]
[artofproblemsolving.com/assets/images/socialmedia/pinterest.svg]
[artofproblemsolving.com/assets/css/epic-fail.css]
